COMMAND: npm run build

STDOUT:

> caderno-vivo@0.10.5 build
> npm run check:app && node --check src/phase01-v35.js && node --check src/mission02-notebook.js && node --check src/mission03-works.js && node --check src/mission04-maestro.js && node --check src/mission05-professional.js && node scripts/audit-phase-01-v35.mjs && node scripts/audit-mission-02-composer-notebook.mjs && node scripts/audit-mission-03-works-catalog.mjs && node scripts/audit-mission-04-maestro-ia.mjs && node scripts/audit-mission-05-professional.mjs && node --check src/mission06-artist-journey.js && node --check src/mission07-evolution-panel.js && node --check src/mission08-real-achievements.js && node scripts/audit-mission-06-artist-journey.mjs && node scripts/audit-mission-07-evolution-panel.mjs && node scripts/audit-mission-08-real-achievements.mjs && node scripts/audit-final-v35.mjs && node scripts/audit-e2e-v35.mjs && node scripts/audit-security-v35.mjs


> caderno-vivo@0.10.5 check:app
> node --check app.js

FASE 01 V3.5 AUDIT PASS
{
  "requiredFiles": [
    "index.html",
    "styles.css",
    "src/phase01-v35.js",
    "src/routes/AppRoutes.jsx",
    "src/components/HomePage.jsx",
    "src/components/FloatingButton.jsx",
    "src/components/ComposerDashboard.jsx",
    "src/components/ComposerHome.jsx",
    "src/components/BeginnerMode.jsx",
    "src/components/ComposerMode.jsx",
    "src/components/ProfessionalMode.jsx"
  ],
  "checks": [
    "phase script loaded",
    "Home principal",
    "Caderno do Compositor",
    "Criar Música",
    "Minhas Obras",
    "Maestro IA",
    "Profissional",
    "Botão flutuante +",
    "Perfil Iniciante",
    "Perfil Compositor",
    "Perfil Profissional",
    "Navegação por rotas",
    "CSS Fase 01"
  ]
}
MISSÃO 02 CADERNO DO COMPOSITOR AUDIT PASS
{
  "requiredFiles": [
    "src/mission02-notebook.js",
    "src/components/ComposerNotebook.jsx",
    "src/components/LyricsManager.jsx",
    "src/components/IdeasManager.jsx",
    "src/components/AudioManager.jsx",
    "src/components/DraftManager.jsx",
    "src/components/VersionManager.jsx"
  ],
  "checks": [
    "mission script loaded",
    "caderno route binds notebook",
    "ComposerNotebook global",
    "Letras",
    "Ideias",
    "Áudios",
    "Rascunhos",
    "Histórico",
    "Biblioteca",
    "Versionamento",
    "localStorage persistence",
    "export memory",
    "CSS mission02"
  ]
}
mission03 works catalog audit passed
mission04 maestro ia audit passed
mission05 professional audit passed
Missão 06 — Jornada do Artista audit PASS
Missão 07 — Painel de Evolução audit PASS
Missão 08 — Conquistas Reais audit PASS
Auditoria final Caderno Vivo V3.5 PASS
E2E Caderno Vivo V3.5 audit PASS
SECURITY AUDIT PASS

STDERR:

RETURN_CODE: 0
